[2026-08-16 02:52:44 UTC] [INFO] === Commencing Autonomous Git Sync ===
[2026-08-16 02:52:44 UTC] [INFO] Detected 44 uncommitted changes: 16 modified, 28 untracked, 0 deleted.
[2026-08-16 02:52:44 UTC] [INFO] Staging changes...
[2026-08-16 02:52:44 UTC] [INFO] Committing to branch 'agent/living-world-intake-v0-1'...
[2026-08-16 02:52:44 UTC] [INFO] Created commit 826772f.
[2026-08-16 02:52:44 UTC] [INFO] Fetching remote updates...
[2026-08-16 02:52:46 UTC] [INFO] Pushing commit 826772f to origin/agent/living-world-intake-v0-1...
[2026-08-16 02:52:47 UTC] [INFO] SUCCESS: Pushed 826772f to origin/agent/living-world-intake-v0-1.
[2026-08-16 02:52:47 UTC] [INFO] === Autonomous Git Sync Complete ===
[2026-08-16 02:52:44 UTC] [INFO] === Commencing Autonomous Git Sync ===
[2026-08-16 02:52:44 UTC] [INFO] Detected 44 uncommitted changes: 16 modified, 28 untracked, 0 deleted.
[2026-08-16 02:52:44 UTC] [INFO] Staging changes...
[2026-08-16 02:52:44 UTC] [INFO] Committing to branch 'agent/living-world-intake-v0-1'...
[2026-08-16 02:52:44 UTC] [INFO] Created commit 826772f.
[2026-08-16 02:52:44 UTC] [INFO] Fetching remote updates...
[2026-08-16 02:52:46 UTC] [INFO] Pushing commit 826772f to origin/agent/living-world-intake-v0-1...
[2026-08-16 02:52:47 UTC] [INFO] SUCCESS: Pushed 826772f to origin/agent/living-world-intake-v0-1.
[2026-08-16 02:52:47 UTC] [INFO] === Autonomous Git Sync Complete ===
[2026-08-16 02:53:00 UTC] [INFO] === Commencing Autonomous Git Sync ===
[2026-08-16 02:53:00 UTC] [INFO] Detected 1 uncommitted changes: 0 modified, 1 untracked, 0 deleted.
[2026-08-16 02:53:00 UTC] [INFO] [DRY-RUN] Auto-sync checks passed. Would stage, commit, and push.
[2026-08-16 02:53:13 UTC] [INFO] === Commencing Autonomous Git Sync ===
[2026-08-16 02:53:13 UTC] [INFO] Detected 4 uncommitted changes: 3 modified, 1 untracked, 0 deleted.
[2026-08-16 02:53:13 UTC] [ERROR] SAFETY ABORT: Potential secret content matching pattern in: tools/git-sync/test_auto_sync.py
[2026-08-16 02:53:13 UTC] [ERROR] Auto-sync aborted to prevent secret leakage. Fix the files above or add them to .gitignore.
[2026-08-16 02:53:22 UTC] [INFO] === Commencing Autonomous Git Sync ===
[2026-08-16 02:53:22 UTC] [INFO] Detected 1 uncommitted changes: 0 modified, 1 untracked, 0 deleted.
[2026-08-16 02:53:22 UTC] [INFO] [DRY-RUN] Auto-sync checks passed. Would stage, commit, and push.
[2026-08-16 02:53:24 UTC] [INFO] === Commencing Autonomous Git Sync ===
[2026-08-16 02:53:24 UTC] [INFO] Detected 4 uncommitted changes: 3 modified, 1 untracked, 0 deleted.
[2026-08-16 02:53:24 UTC] [INFO] Staging changes...
[2026-08-16 02:53:24 UTC] [INFO] Committing to branch 'agent/living-world-intake-v0-1'...
[2026-08-16 02:53:24 UTC] [INFO] Created commit a1ef8dd.
[2026-08-16 02:53:24 UTC] [INFO] Fetching remote updates...
[2026-08-16 02:53:25 UTC] [INFO] Pushing commit a1ef8dd to origin/agent/living-world-intake-v0-1...
[2026-08-16 02:53:27 UTC] [INFO] SUCCESS: Pushed a1ef8dd to origin/agent/living-world-intake-v0-1.
[2026-08-16 02:53:27 UTC] [INFO] === Autonomous Git Sync Complete ===
[2026-08-16 02:53:29 UTC] [INFO] === Commencing Autonomous Git Sync ===
[2026-08-16 02:53:29 UTC] [INFO] Detected 1 uncommitted changes: 1 modified, 0 untracked, 0 deleted.
[2026-08-16 02:53:29 UTC] [INFO] Staging changes...
[2026-08-16 02:53:29 UTC] [INFO] Committing to branch 'agent/living-world-intake-v0-1'...
[2026-08-16 02:53:29 UTC] [INFO] Created commit 86c5642.
[2026-08-16 02:53:29 UTC] [INFO] Fetching remote updates...
[2026-08-16 02:53:30 UTC] [INFO] Pushing commit 86c5642 to origin/agent/living-world-intake-v0-1...
[2026-08-16 02:53:31 UTC] [INFO] SUCCESS: Pushed 86c5642 to origin/agent/living-world-intake-v0-1.
[2026-08-16 02:53:31 UTC] [INFO] === Autonomous Git Sync Complete ===
[2026-08-16 02:53:39 UTC] [INFO] === Commencing Autonomous Git Sync ===
[2026-08-16 02:53:39 UTC] [INFO] Detected 2 uncommitted changes: 2 modified, 0 untracked, 0 deleted.
[2026-08-16 02:53:39 UTC] [INFO] Staging changes...
[2026-08-16 02:53:39 UTC] [INFO] Committing to branch 'agent/living-world-intake-v0-1'...
[2026-08-16 02:53:39 UTC] [INFO] Created commit 46ef71e.
[2026-08-16 02:53:39 UTC] [INFO] Fetching remote updates...
[2026-08-16 02:53:40 UTC] [INFO] Pushing commit 46ef71e to origin/agent/living-world-intake-v0-1...
[2026-08-16 02:53:42 UTC] [INFO] SUCCESS: Pushed 46ef71e to origin/agent/living-world-intake-v0-1.
[2026-08-16 02:53:42 UTC] [INFO] === Autonomous Git Sync Complete ===
[2026-08-16 02:53:44 UTC] [INFO] === Commencing Autonomous Git Sync ===
[2026-08-16 02:53:44 UTC] [INFO] Detected 1 uncommitted changes: 1 modified, 0 untracked, 0 deleted.
[2026-08-16 02:53:44 UTC] [INFO] Staging changes...
